
> esports-nexus@0.1.0 build
> next build

Γû▓ Next.js 16.1.6 (Turbopack)
- Environments: .env.local

  Creating an optimized production build ...
Γ£ô Compiled successfully in 1760.4ms
  Running TypeScript ...
  Collecting page data using 15 workers ...
  Generating static pages using 15 workers (0/11) ...
node.exe : Liquipedia 
DOM access restricted. 
Falling back to the 
localized T1 Roster 
Map. Error: Dynamic 
server usage: Route 
/api/players couldn't 
be rendered statically 
because it used 
revalidate: 0 fetch htt
ps://liquipedia.net/pub
gmobile/Portal:Transfer
s/India /api/players. 
See more info here: htt
ps://nextjs.org/docs/me
ssages/dynamic-server-e
rror
At line:1 char:1
+ & "C:\Program 
Files\nodejs/node.exe" 
"C:\Program 
Files\nodejs/node_mo 
...
+ ~~~~~~~~~~~~~~~~~~~~~
~~~~~~~~~~~~~~~~~~~~~~~
~~~~~~~~~~~~~~~~~~~~~~~
~~
    + CategoryInfo     
         : NotSpecifi  
  ed: (Liquipedia DO   
 M ...ic-server-err    
or:String) [], Rem    
oteException
    + FullyQualifiedEr 
   rorId : NativeComm  
  andError
 
    at w (C:\Users\ayus
h\.gemini\antigravity\s
cratch\esports-nexus\.n
ext\server\chunks\ssr\[
root-of-the-server]__7f
68cf2f._.js:1:88155)
    at <unknown> (C:\Us
ers\ayush\.gemini\antig
ravity\scratch\esports-
nexus\.next\server\chun
ks\ssr\[root-of-the-ser
ver]__7f68cf2f._.js:8:1
0520) {
  description: "Route 
/api/players couldn't 
be rendered statically 
because it used 
revalidate: 0 fetch htt
ps://liquipedia.net/pub
gmobile/Portal:Transfer
s/India /api/players. 
See more info here: htt
ps://nextjs.org/docs/me
ssages/dynamic-server-e
rror",
  digest: 
'DYNAMIC_SERVER_USAGE'
}
Error occurred 
prerendering page 
"/bgmi/players". Read 
more: https://nextjs.or
g/docs/messages/prerend
er-error
Error: Element type is 
invalid: expected a 
string (for built-in 
components) or a 
class/function (for 
composite components) 
but got: undefined.
    at ignore-listed 
frames {
  digest: '2405364048'
}
Export encountered an 
error on 
/bgmi/players/page: 
/bgmi/players, exiting 
the build.
Γ¿» Next.js build 
worker exited with 
code: 1 and signal: 
null
